// Jest Snapshot v1, https://goo.gl/fbAQLP

exports[`test/stories/ledger Level 1: Same currency 1. Simple contribution without host fees 1`] = `
"
| Group     | kind         | type   | amount | paymentFee | To     | From   | Host | Settlement | isRefund |
| --------- | ------------ | ------ | ------ | ---------- | ------ | ------ | ---- | ---------- | -------- |
| #4ae155e0 | CONTRIBUTION | CREDIT | 10000  | 0          | ESLint | Ben    | OSC  |            | false    |
| #4ae155e0 | CONTRIBUTION | DEBIT  | -10000 | 0          | Ben    | ESLint | NULL |            | false    |"
`;

exports[`test/stories/ledger Level 1: Same currency 2. Simple contribution with 5% host fees 1`] = `
"
| Group     | kind         | type   | amount | paymentFee | To     | From   | Host | Settlement | isRefund |
| --------- | ------------ | ------ | ------ | ---------- | ------ | ------ | ---- | ---------- | -------- |
| #1ead3ae8 | CONTRIBUTION | CREDIT | 10000  | 0          | ESLint | Ben    | OSC  |            | false    |
| #1ead3ae8 | CONTRIBUTION | DEBIT  | -10000 | 0          | Ben    | ESLint | NULL |            | false    |
| #1ead3ae8 | HOST_FEE     | CREDIT | 500    | 0          | OSC    | ESLint | OSC  |            | false    |
| #1ead3ae8 | HOST_FEE     | DEBIT  | -500   | 0          | ESLint | OSC    | OSC  |            | false    |"
`;

exports[`test/stories/ledger Level 1: Same currency 3. Simple contribution with 5% host fees and indirect platform tip (unsettled) 1`] = `
"
| Group     | kind         | type   | amount | paymentFee | To     | From   | Host   | Settlement | isRefund |
| --------- | ------------ | ------ | ------ | ---------- | ------ | ------ | ------ | ---------- | -------- |
| #42dca4bf | CONTRIBUTION | CREDIT | 9000   | 0          | ESLint | Ben    | OSC    |            | false    |
| #42dca4bf | CONTRIBUTION | DEBIT  | -9000  | 0          | Ben    | ESLint | NULL   |            | false    |
| #42dca4bf | HOST_FEE     | CREDIT | 450    | 0          | OSC    | ESLint | OSC    |            | false    |
| #42dca4bf | HOST_FEE     | DEBIT  | -450   | 0          | ESLint | OSC    | OSC    |            | false    |
| #42dca4bf | PLATFORM_TIP | CREDIT | 1000   | 0          | OSC    | OC Inc | OSC    | OWED       | false    |
| #42dca4bf | PLATFORM_TIP | DEBIT  | -1000  | 0          | OC Inc | OSC    | OC Inc | OWED       | false    |
| #42dca4bf | PLATFORM_TIP | CREDIT | 1000   | 0          | OC Inc | Ben    | OC Inc |            | false    |
| #42dca4bf | PLATFORM_TIP | DEBIT  | -1000  | 0          | Ben    | OC Inc | NULL   |            | false    |"
`;

exports[`test/stories/ledger Level 1: Same currency 4. Simple contribution with 5% host fees and indirect platform tip (settled) 1`] = `
"
| Group     | kind         | type   | amount | paymentFee | To     | From   | Host   | Settlement | isRefund |
| --------- | ------------ | ------ | ------ | ---------- | ------ | ------ | ------ | ---------- | -------- |
| #08fcc6bb | EXPENSE      | CREDIT | 1000   | 0          | OC Inc | OSC    | OC Inc |            | false    |
| #08fcc6bb | EXPENSE      | DEBIT  | -1000  | 0          | OSC    | OC Inc | OSC    |            | false    |
| #809297ca | CONTRIBUTION | CREDIT | 9000   | 0          | ESLint | Ben    | OSC    |            | false    |
| #809297ca | CONTRIBUTION | DEBIT  | -9000  | 0          | Ben    | ESLint | NULL   |            | false    |
| #809297ca | HOST_FEE     | CREDIT | 450    | 0          | OSC    | ESLint | OSC    |            | false    |
| #809297ca | HOST_FEE     | DEBIT  | -450   | 0          | ESLint | OSC    | OSC    |            | false    |
| #809297ca | PLATFORM_TIP | CREDIT | 1000   | 0          | OSC    | OC Inc | OSC    | SETTLED    | false    |
| #809297ca | PLATFORM_TIP | DEBIT  | -1000  | 0          | OC Inc | OSC    | OC Inc | SETTLED    | false    |
| #809297ca | PLATFORM_TIP | CREDIT | 1000   | 0          | OC Inc | Ben    | OC Inc |            | false    |
| #809297ca | PLATFORM_TIP | DEBIT  | -1000  | 0          | Ben    | OC Inc | NULL   |            | false    |"
`;

exports[`test/stories/ledger Level 1: Same currency 5. Refunded contribution with host fees, payment processor fees and indirect platform tip 1`] = `
"
| Group     | kind                  | type   | amount | paymentFee | To     | From   | Host   | Settlement | isRefund |
| --------- | --------------------- | ------ | ------ | ---------- | ------ | ------ | ------ | ---------- | -------- |
| #e7e77433 | CONTRIBUTION          | CREDIT | 9000   | 0          | Ben    | ESLint | NULL   |            | true     |
| #e7e77433 | CONTRIBUTION          | DEBIT  | -9000  | 0          | ESLint | Ben    | OSC    |            | true     |
| #e7e77433 | PAYMENT_PROCESSOR_FEE | CREDIT | 200    | 0          | ESLint | OSC    | OSC    |            | true     |
| #e7e77433 | PAYMENT_PROCESSOR_FEE | DEBIT  | -200   | 0          | OSC    | ESLint | OSC    |            | true     |
| #e7e77433 | HOST_FEE              | CREDIT | 450    | 0          | ESLint | OSC    | OSC    |            | true     |
| #e7e77433 | HOST_FEE              | DEBIT  | -450   | 0          | OSC    | ESLint | OSC    |            | true     |
| #e7e77433 | PLATFORM_TIP          | CREDIT | 1000   | 0          | OC Inc | OSC    | OC Inc | OWED       | true     |
| #e7e77433 | PLATFORM_TIP          | DEBIT  | -1000  | 0          | OSC    | OC Inc | OSC    | OWED       | true     |
| #e7e77433 | PLATFORM_TIP          | CREDIT | 1000   | 0          | Ben    | OC Inc | NULL   |            | true     |
| #e7e77433 | PLATFORM_TIP          | DEBIT  | -1000  | 0          | OC Inc | Ben    | OC Inc |            | true     |
| #40fba449 | EXPENSE               | CREDIT | 1000   | 0          | OC Inc | OSC    | OC Inc |            | false    |
| #40fba449 | EXPENSE               | DEBIT  | -1000  | 0          | OSC    | OC Inc | OSC    |            | false    |
| #1df4c160 | CONTRIBUTION          | CREDIT | 9000   | -200       | ESLint | Ben    | OSC    |            | false    |
| #1df4c160 | CONTRIBUTION          | DEBIT  | -8800  | -200       | Ben    | ESLint | NULL   |            | false    |
| #1df4c160 | HOST_FEE              | CREDIT | 450    | 0          | OSC    | ESLint | OSC    |            | false    |
| #1df4c160 | HOST_FEE              | DEBIT  | -450   | 0          | ESLint | OSC    | OSC    |            | false    |
| #1df4c160 | PLATFORM_TIP          | CREDIT | 1000   | 0          | OSC    | OC Inc | OSC    | SETTLED    | false    |
| #1df4c160 | PLATFORM_TIP          | DEBIT  | -1000  | 0          | OC Inc | OSC    | OC Inc | SETTLED    | false    |
| #1df4c160 | PLATFORM_TIP          | CREDIT | 1000   | 0          | OC Inc | Ben    | OC Inc |            | false    |
| #1df4c160 | PLATFORM_TIP          | DEBIT  | -1000  | 0          | Ben    | OC Inc | NULL   |            | false    |"
`;
